{
  "source": "912b1016ff8068f168685a84581620a6b80d4d7d",
  "command": [
    "systemd-run",
    "--user",
    "--scope",
    "--quiet",
    "--unit=thegn-maintenance07-corrected-clippy-20260915",
    "--property=CPUQuota=100%",
    "nice",
    "-n",
    "10",
    "cargo",
    "clippy",
    "--workspace",
    "--all-targets",
    "--keep-going",
    "--",
    "-D",
    "warnings"
  ],
  "queued_at_utc": "2026-09-15T21:15:42.919476+00:00",
  "jobs": 1,
  "cache": "/tmp/thegn-batch03-native-cache-f_3lx_t_",
  "status": "failed; root review required",
  "scope": "required consolidated strict lint before one affected-target test compilation",
  "competing_builds": [],
  "started_at_utc": "2026-09-15T21:15:43.026602+00:00",
  "cgroup": "/user.slice/user-1000.slice/user@1000.service/app.slice/thegn-maintenance07-corrected-clippy-20260915.scope",
  "cpu_max": "100000 100000",
  "systemd_properties": {
    "ControlGroup": "/user.slice/user-1000.slice/user@1000.service/app.slice/thegn-maintenance07-corrected-clippy-20260915.scope",
    "CPUQuotaPerSecUSec": "1s"
  },
  "exit_code": 101,
  "finished_at_utc": "2026-09-15T21:21:28.443859+00:00",
  "log": "/tmp/thegn-maintenance07-corrected-clippy-20260915.log",
  "log_sha256": "486a501861d33e356afad88c49814e0658c0bed6ed4b550f07600a6e366a8672"
}
