{
  "candidate": "fbd133823509fcdf1eb7912792dfec1a4c7760da",
  "base": "f293594d4a8516f940540b4eda60a9a98ac1d7a1",
  "reviewer": "root",
  "decision": "source approved; native admission requires independent integration approval and no competing build",
  "scope": [
    "THE-222",
    "THE-247",
    "THE-326"
  ],
  "at_utc": "2026-09-15T21:08:49.963083+00:00",
  "shared_file_review": [
    "platform/mod.rs differs from222final only by landed603 state_db_capture module",
    "platform/windows.rs differs from222final only by landed633 capability identity opener",
    "agent.rs differs from247final only by landed639 startup/publication seam",
    "core/config.rs contains247named-volume and326FRP doc changes"
  ],
  "checks": {
    "ratchets": 0,
    "openspec_validate": 0,
    "scoped_format": 0
  },
  "native_plan": "One combined debug test compilation for affected core/svc/host targets with shared cache, jobs1, real CPUQuota100%, RUSTC_WRAPPER empty. Pin source-bound harnesses and run bounded isolated regression selectors, then required strict lint. No release/performance build.",
  "source_hashes": {
    "Cargo.toml": "221149b28257da6e57e6f690c307791493ee803da177cb23ea0bbd8c865bd1ca",
    "crates/thegn-core/src/config.rs": "16ada0b7c1db2449b6fd6320f2a71231e427740c3ffd53ccfbcadff1bd48cad4",
    "crates/thegn-core/src/sandbox.rs": "eaca583f2e93518f57960626dfdbcaececae2612cdf18d11d7fc2c35ee8c3c04",
    "crates/thegn-core/src/sandbox_tests.rs": "09c3475434cfee758327d0c9ec8552acfe406a91d5597663047b3f5b2076b17b",
    "crates/thegn-core/src/sandbox_truth_tests.rs": "60de38a57392fc21420b38337c94b67d0d94914396902e84536193be3c2843a2",
    "crates/thegn-core/tests/devcontainer_e2e.rs": "212408d1959f4c8bb5367de936d5ea1d619bcdb7900dce0f7140f8b58821c009",
    "crates/thegn-core/tests/sandbox_credentials.rs": "e638e18d0c41d951a3cbb572ade6c313e46e0f00f2e145664f11b2e7a264cc5e",
    "crates/thegn-core/tests/sandbox_network_policy.rs": "e02b69efd9fd3ea18d7b0d7f150b70edaa3058a1c73cfda81c4fc8f9a3d691a5",
    "crates/thegn-core/tests/sandbox_readonly_home.rs": "e8c7fc1ef4093b271632326ee578fb07c019ae56c65318cf77e20528af5d9e4b",
    "crates/thegn-host/src/agent.rs": "137ca95623db636d8aa2aa03f45c21088c174d3fb74a1aa3284d8b6789f89c55",
    "crates/thegn-host/src/agent_run.rs": "62c4c292ebae8c707a697fe6ef31b0cb140f2f72f94bd07731ad2bb5a4257373",
    "crates/thegn-host/src/agent_tests.rs": "0be070300beff133525b38c5fb41fe0717b730add226004823261c800e4ad4c0",
    "crates/thegn-host/src/build_cache.rs": "5f989e39f58e52bc3be96d111791d6e502d173e22136046932f565dd8bfc09b2",
    "crates/thegn-host/src/handlers/materialize.rs": "0e92b521dee1c1c9d733236a799a2192478a468479dc4720b04b9e369d4cd863",
    "crates/thegn-host/src/merge_remote.rs": "5f61b3316aace3b7fad9ca1becda491c352d264d0901bd4035c010b85f2c10d5",
    "crates/thegn-host/src/panes.rs": "00ab87dc2aec35729d26266bb4286d868f7530a30d6a45811f70e8cc172e5857",
    "crates/thegn-host/src/platform/gate_path.rs": "885097bfa74cd134c3c77c233eae00659299d1e706deeb698eabe0737b6c9887",
    "crates/thegn-host/src/platform/mod.rs": "4dee24fecb18fe2f8050805c56cbd9778358165df3dde17521fd963e3526e2e9",
    "crates/thegn-host/src/platform/windows.rs": "ac743210f86df1745d95f2b083f80dd371768467f5b2a0697b37c006fb7ac4d8",
    "crates/thegn-host/src/run.rs": "e1abf64305b9f11d852a5d9b45cdbfe14b7afc56f1355e5ff2922080ed45f0ed",
    "crates/thegn-host/src/wizard.rs": "74f7be860010242dc2b9943a02f370410ef342ada3628ba114698beedff8139a",
    "crates/thegn-svc/src/share/mod.rs": "1502b5f75076f26542095b80ebada72c4a00961527357c300ac02c49656c5ecf",
    "crates/thegn-svc/src/share/tests.rs": "59f0d73835cbcf0520d748f6008527f319308d4bfc9dbc8a457d147b3b17d229",
    "delivery/index.json": "31a70205d1fd92241e8e042eddbfc65320c52de850b52bf0984c5b950243be77",
    "delivery/issues.json": "72b4cba1a444e660284a8e0df2d7082ac7acbd140b09e70be4d3e6dbbedd3f97",
    "docs/audits/THE-247-named-volume-admission-2026-09-15.md": "cbc4f42d9bf15d593346fa44e289cceb6ec9b3f9f26d3c25d4c86897ccf66789",
    "openspec/changes/secure-merge-bundle-custody/design.md": "5ac080a46d411d944637eb7a73e69a4627a5c6c6056fb5b2499c015c48e7a93b",
    "openspec/changes/secure-merge-bundle-custody/proposal.md": "20fb56916aa19bfa05225e7023dfe2432f289ee7ebef54058a0d0ba9f64f62c6",
    "openspec/changes/secure-merge-bundle-custody/specs/merge-queue/spec.md": "b4c752689b51c2f0fb626f7aefebdd6769fd9a574aa8f46ffb32e1439a3af729",
    "openspec/changes/secure-merge-bundle-custody/tasks.md": "51c8575f8adb29ee06296c099640323adcd0d57e2b2f4109bcec66dab11d8272",
    "openspec/changes/secure-merge-bundle-custody/validation.md": "c7f68738b5e1d49b8eef0b6a5bed739886b1b6aa7818f5e401aa2b23837590ec",
    "openspec/changes/serialize-validate-frp-configuration/design.md": "012b6a3e9a30801fc5ad50525897eee85ed364098b9b027dc85029cb10661817",
    "openspec/changes/serialize-validate-frp-configuration/proposal.md": "cf7dc14a1e1f9017bf478f8c447cceda93e2b3b5f1ea7778fd5f976aa8cf7a39",
    "openspec/changes/serialize-validate-frp-configuration/specs/public-share/spec.md": "0696b69b3bb4a306324fdb2c57ba89e990268c90e4238356d67b85f6fe2b21e8",
    "openspec/changes/serialize-validate-frp-configuration/tasks.md": "169a04307b197f568bf88e704f9a5da629288b584bcee302ae713c4ad04e541e",
    "openspec/changes/serialize-validate-frp-configuration/validation.md": "3aeb05b5a4887c36d7e9c6b3afa91d6946ff4f5ac6f46ca32f58c60d9ae6b815",
    "openspec/changes/validate-sandbox-volume-sources/design.md": "1e6729df3eddb7e44ffcb535bd068857fadc5648b81deeee6a964493af967961",
    "openspec/changes/validate-sandbox-volume-sources/proposal.md": "75a052ca6301ec8aa31f95c0ae2843ed304a78d1361d2f9e68bb2b31eaa5db43",
    "openspec/changes/validate-sandbox-volume-sources/specs/sandbox/spec.md": "51fb1c3e8dcc7c798a88e6178bf1bf8845fb026a267ddf22badfab068dc89969",
    "openspec/changes/validate-sandbox-volume-sources/tasks.md": "270e019ded3bce7eeee3bf3437b9b7c4ddce4d1ca3e1c9fdccf3f7bebe76cc73",
    "openspec/changes/validate-sandbox-volume-sources/validation.md": "c53768dc8f57873d670b3ff456bdbc117661e53ad1e25aefd8044380c66946fe",
    "test/support/owned_test_child.rs": "dde0018e0c9f4f4e942b15cf1c3c77bdebf7cd4e6030058aa73bcddef1deaf8c"
  },
  "limits": [
    "Native execution pending",
    "Windows runtime not established by Linux tests",
    "No all-backlog completion claim"
  ]
}
