    Checking regex-automata v0.4.18
    Checking parking_lot_core v0.9.12
    Checking parking_lot v0.12.5
    Checking prodash v31.0.0
    Checking heapless v0.8.0
    Checking faster-hex v0.10.0
    Checking tracing-core v0.1.36
    Checking tracing v0.1.44
    Checking rustix v1.1.4
    Checking bstr v1.13.1
    Checking gix-validate v0.11.4
    Checking gix-path v0.12.5
    Checking gix-utils v0.3.6
    Checking gix-error v0.2.5
    Checking gix-features v0.48.1
    Checking gix-hash v0.25.1
    Checking gix-date v0.15.6
    Checking gix-actor v0.41.2
    Checking gix-hashtable v0.15.2
    Checking gix-object v0.61.0
    Checking ring v0.17.14
    Checking gix-fs v0.21.2
    Checking gix-quote v0.7.2
    Checking gix-chunk v0.7.3
    Checking icu_normalizer v2.3.0
    Checking idna_adapter v1.2.2
    Checking tempfile v3.27.0
    Checking rustls-webpki v0.103.15
    Checking dashmap v6.2.1
    Checking idna v1.1.0
    Checking rustls v0.23.43
    Checking signal-hook v0.4.4
    Checking gix-commitgraph v0.37.1
    Checking gix-glob v0.26.1
    Checking gix-revwalk v0.32.0
    Checking gix-tempfile v23.0.2
    Checking url v2.5.8
    Checking h2 v0.4.18
    Checking gix-lock v23.0.1
    Checking gix-command v0.9.2
    Checking gix-attributes v0.33.2
    Checking tokio-rustls v0.26.4
    Checking gix-traverse v0.58.0
    Checking gix-config-value v0.18.1
    Checking gix-packetline v0.21.5
    Checking gix-sec v0.14.2
    Checking gix-bitmap v0.3.3
    Checking uuid v1.25.0
    Checking inout v0.1.4
    Checking gix-filter v0.31.0
    Checking gix-index v0.52.0
    Checking hyper v1.11.0
    Checking cipher v0.4.4
    Checking tower v0.5.3
    Checking hyper-util v0.1.20
    Checking gix-ref v0.64.0
    Checking gix-ignore v0.21.1
    Checking num-integer v0.1.47
    Checking gix-worktree v0.53.0
    Checking gix-pathspec v0.18.1
    Checking hickory-proto v0.26.1
    Checking hyper-rustls v0.27.9
    Checking noq-udp v1.1.1
    Checking tower-http v0.6.11
    Checking ctr v0.9.2
    Checking aes v0.8.4
    Checking gix-url v0.36.2
    Checking moka v0.12.16
    Checking aes-gcm v0.10.3
    Checking rand v0.8.7
    Checking hickory-net v0.26.1
    Checking netlink-packet-route v0.31.0
    Checking num-iter v0.1.46
    Checking gix-imara-diff v0.2.5
    Checking regex v1.13.1
    Checking phf_shared v0.11.3
    Checking miniz_oxide v0.8.9
    Checking noq-proto v1.1.1
    Checking netdev v0.45.0
    Checking hickory-resolver v0.26.1
    Checking gix-diff v0.64.0
    Checking iroh-metrics v1.0.1
    Checking num-bigint-dig v0.8.6
    Checking iroh-base v1.0.3
    Checking num-bigint v0.4.8
    Checking gix-discover v0.52.0
    Checking rustls-platform-verifier v0.7.0
    Checking attohttpc v0.30.1
    Checking gix-revision v0.46.0
    Checking globset v0.4.20
    Checking tokio-stream v0.1.19
    Checking fluent-bundle v0.16.0
    Checking tokio-websockets v0.13.3
    Checking noq v1.1.1
    Checking blake3 v1.8.7
    Checking zbus v5.19.0
    Checking iroh-dns v1.0.3
    Checking ignore v0.4.33
    Checking gix-refspec v0.42.0
    Checking igd-next v0.17.1
    Checking simple_asn1 v0.6.4
    Checking rsa v0.9.10
    Checking reqwest v0.13.4
    Checking gix-dir v0.26.0
    Checking gix-pack v0.71.0
    Checking netwatch v0.19.1
    Checking libsqlite3-sys v0.38.2
    Checking tungstenite v0.29.0
    Checking fancy-regex v0.16.2
    Checking flate2 v1.1.9
    Checking phf v0.11.3
    Checking gix-transport v0.57.2
    Checking gix-config v0.57.0
    Checking gix-worktree-stream v0.33.0
    Checking gix-prompt v0.15.1
    Checking gix-shallow v0.12.1
    Checking matchers v0.2.0
    Checking tracing-subscriber v0.3.23
    Checking gix-submodule v0.31.0
    Checking tree-sitter v0.26.13
    Checking rusqlite v0.40.2
    Checking axum-core v0.5.6
    Checking gix-protocol v0.62.0
    Checking gix-worktree-state v0.31.0
    Checking iroh-relay v1.0.3
    Checking syntect v5.3.0
    Checking neo_frizbee v0.10.4
    Checking jsonwebtoken v10.4.0
    Checking gix-credentials v0.38.2
    Checking fluent-templates v0.15.1
    Checking tokio-tungstenite v0.29.0
    Checking gix-archive v0.33.0
    Checking chrono-tz v0.9.0
   Compiling thegn-svc v0.1.0-alpha.2 (/tmp/thegn-maintenance-04-origin-20260914/crates/thegn-svc)
    Checking inotify v0.11.5
    Checking portmapper v0.19.1
    Checking thegn-media v0.1.0-alpha.2 (/tmp/thegn-maintenance-04-origin-20260914/crates/thegn-media)
    Checking gix-odb v0.81.0
    Checking gix-status v0.31.0
    Checking nix v0.31.3
    Checking tree-sitter-typescript v0.23.2
    Checking tree-sitter-javascript v0.25.0
    Checking tree-sitter-python v0.25.0
    Checking tree-sitter-rust v0.24.2
    Checking tree-sitter-go v0.25.0
    Checking gix-blame v0.14.0
    Checking hyper-timeout v0.5.2
    Checking gix-negotiate v0.32.0
    Checking gix-mailmap v0.33.2
    Checking rusty-s3 v0.10.2
    Checking thegn-core v0.1.0-alpha.2 (/tmp/thegn-maintenance-04-origin-20260914/crates/thegn-core)
    Checking axum v0.8.9
    Checking octocrab v0.54.1
    Checking notify v8.2.0
    Checking iroh v1.0.3
    Checking gix v0.84.0
    Checking reqwest v0.12.28
    Checking criterion v0.5.1
    Finished `dev` profile [unoptimized + debuginfo] target(s) in 1m 53s
