python3 scripts/delivery_state.py validate
delivery state: change/issue schemas, bidirectional ownership, lifecycle, docs, and contract ratchets valid
env -u LINEAR_API_KEY -u LINEAR_TOKEN python3 scripts/delivery_state.py fixtures
delivery fixtures: 10 passed
# Guardrail: all git must route through util::git_cmd / GitLoc so GIT_ENV_VARS
# is scrubbed (the core.worktree-pollution class). Only the builder in util.rs
# may call `git` directly; raw `Command::new("git")` anywhere else is rejected.
# Comment lines are ignored (doc-comments legitimately name the pattern they forbid).
# `build.rs` is exempt: a build script cannot depend on thegn-core, so it
# scrubs GIT_ENV_VARS inline instead (see the comment at that call site).
! grep -rIn 'Command::new("git")' crates --include='*.rs' | grep -v 'thegn-core/src/util.rs' | grep -v '/build.rs:' | grep -vE ':[0-9]+:[[:space:]]*//' || (echo 'ERROR: raw Command::new("git") outside util::git_cmd — route through git_cmd/GitLoc to scrub GIT_ENV_VARS' && exit 1)
# Guardrail: pre-rename brand tokens must not come back — this is thegn.
# Token list + allowlist live in the script. See test/brand-guard.sh.
bash test/brand-guard.sh
brand-guard: clean
# Guardrail: stale architecture claims (old emulator name, never-landed ssh crate,
# removed per-file size limit, "e2e runs every push") must not come back.
bash test/stale-docs-guard.sh
stale-docs-guard: clean
# Guardrail: the hand-run Muse recipe must keep the same config and D-Bus
# isolation as the hermetic e2e environment.
bash test/muse-docs-guard.sh
muse-docs-guard: clean
# Architecture ratchets (shrink-only allowlists; test/*-ratchet.txt headers
# explain each rule). The Rust-side ones run in `just test`.
bash test/ratchet.sh forge-leak 'thegn_core::github::|use thegn_core::github|Command::new\("gh"\)' crates/thegn-host/src crates/thegn-svc/src crates/thegn-core/src
ratchet(forge-leak): clean (4 pinned)
bash test/ratchet.sh runtime-leak 'Command::new\("podman"\)|Command::new\("docker"\)|have\("podman"\)|have\("docker"\)|vec!\[\s*"(podman|docker)"' crates/thegn-host/src crates/thegn-svc/src crates/thegn-core/src
ratchet(runtime-leak): clean (7 pinned)
bash test/ratchet.sh async-trait '#\[allow\(async_fn_in_trait\)\]' crates
ratchet(async-trait): clean (0 pinned)
# `let _ =[[:space:]]*$` catches the rustfmt-wrapped form (`let _ =` alone on
# its line, expression on the next) — how a swallowed budget-enforcement write
# sat unpinned in thegn-proxy for a whole release.
bash test/ratchet.sh ignored-result 'let _ = |let _ =[[:space:]]*$|\.ok\(\);' crates
ERROR: ratchet(ignored-result): stale entry crates/thegn-host/src/devcontainer_provider.rs — it no longer matches; delete it from test/ignored-result-ratchet.txt (shrink-only)
error: recipe `ratchets` failed on line 621 with exit code 1
